[socar-petroleum.az/xidmetler-ve-mehsullar/cng-kalkulyator/index.html]
[backblue.gif]
[fade.gif]
[index.html]
[socar-petroleum.az/wp-content/plugins/sitepress-multilingual-cms/res/css/language-selectorc971.css]
[socar-petroleum.az/wp-content/plugins/wysija-newsletters/css/validationEngine.jqueryfc84.css]
[socar-petroleum.az/wp-includes/css/dist/block-library/style.min8f41.css]
[socar-petroleum.az/wp-content/plugins/LayerSlider/static/css/layersliderf08a.css]
[socar-petroleum.az/wp-content/plugins/SP-Partners/style8f41.css]
[socar-petroleum.az/wp-content/plugins/contact-form-7/includes/css/styles58e0.css]
[socar-petroleum.az/wp-content/plugins/smooth-scroll-up/css/scrollup8f41.css]
[socar-petroleum.az/xidmetler-ve-mehsullar/img/scrollup.png]
[socar-petroleum.az/wp-content/plugins/ultimate-social-media-icons/css/sfsi-styleb246.css]
[socar-petroleum.az/wp-content/themes/charityhub-v1-05/style8f41.css]
[socar-petroleum.az/wp-content/themes/charityhub-v1-05-child/style8f41.css]
[socar-petroleum.az/wp-content/themes/charityhub-v1-05/plugins/superfish/css/superfish8f41.css]
[socar-petroleum.az/wp-content/themes/charityhub-v1-05/plugins/dl-menu/component8f41.css]
[socar-petroleum.az/wp-content/themes/charityhub-v1-05/plugins/font-awesome/css/font-awesome.min8f41.css]
[socar-petroleum.az/wp-content/themes/charityhub-v1-05/plugins/fancybox/jquery.fancybox8f41.css]
[socar-petroleum.az/wp-content/themes/charityhub-v1-05/plugins/flexslider/flexslider8f41.css]
[socar-petroleum.az/wp-content/themes/charityhub-v1-05/stylesheet/style-responsive8f41.css]
[socar-petroleum.az/wp-content/themes/charityhub-v1-05/stylesheet/style-custom8f41.css]
[socar-petroleum.az/wp-includes/js/jquery/jquery-migrate.min330a.js]
[socar-petroleum.az/wp-includes/js/jquery/jqueryb8ff.js]
[socar-petroleum.az/wp-content/plugins/LayerSlider/static/js/layerslider.transitionsf08a.js]
[socar-petroleum.az/wp-content/plugins/wp-google-maps/wpgmza_data8f41.js]
[socar-petroleum.az/wp-content/uploads/c_imgs/socarfon.jpg]
[socar-petroleum.az/wp-content/uploads/2015/04/socar_logo_header.png]
[socar-petroleum.az/wp-content/plugins/LayerSlider/static/js/layerslider.kreaturamedia.jqueryf08a.js]
[socar-petroleum.az/wp-content/plugins/sitepress-multilingual-cms/res/flags/az.png]
[socar-petroleum.az/wp-content/plugins/LayerSlider/static/js/greensock4a80.js]
[socar-petroleum.az/wp-content/uploads/c_imgs/sitat_top_line.png]
[socar-petroleum.az/wp-content/uploads/c_imgs/HAsitat1.png]
[socar-petroleum.az/xidmetler-ve-mehsullar/wp-content/themes/jikov/style.css]
[socar-petroleum.az/xidmetler-ve-mehsullar/wp-content/themes/jikov/css/print.css]
[socar-petroleum.az/xidmetler-ve-mehsullar/cng-kalkulyator/index-2.html]
[socar-petroleum.az/xidmetler-ve-mehsullar/cng-kalkulyator/feed/index.html]
[socar-petroleum.az/xidmetler-ve-mehsullar/wp-content/plugins/cng_calc/cng_calc.js]
[socar-petroleum.az/xidmetler-ve-mehsullar/wp-content/plugins/cng_calc/cng_calc.css]
[socar-petroleum.az/wp-content/uploads/2015/04/trn_white_socar.png]
[connect.facebook.net/en_US/sdk.js]
[socar-petroleum.az/wp-content/plugins/ultimate-social-media-icons/images/icons_theme/flat/flat_facebook.png]
[socar-petroleum.az/wp-content/plugins/ultimate-social-media-icons/images/visit_icons/Visit_us_fb/icon_Visit_us_en_US.png]
[socar-petroleum.az/wp-content/plugins/ultimate-social-media-icons/images/icons_theme/flat/flat_youtube.png]
[socar-petroleum.az/wp-content/plugins/ultimate-social-media-icons/images/icons_theme/flat/flat_instagram.png]
[socar-petroleum.az/wp-content/plugins/smooth-scroll-up/js/jquery.scrollUp.min8f41.js]
[socar-petroleum.az/wp-content/plugins/contact-form-7/includes/js/scripts58e0.js]
[socar-petroleum.az/wp-includes/js/jquery/ui/core.mine899.js]
[socar-petroleum.az/wp-content/plugins/ultimate-social-media-icons/js/shuffle/modernizr.custom.min8f41.js]
[socar-petroleum.az/wp-content/plugins/ultimate-social-media-icons/js/shuffle/random-shuffle-min8f41.js]
[socar-petroleum.az/wp-content/plugins/ultimate-social-media-icons/js/shuffle/jquery.shuffle.min8f41.js]
[socar-petroleum.az/wp-includes/js/hoverIntent.minc245.js]
[socar-petroleum.az/wp-content/themes/charityhub-v1-05/plugins/superfish/js/superfish5152.js]
[socar-petroleum.az/wp-content/plugins/ultimate-social-media-icons/js/customb246.js]
[socar-petroleum.az/wp-content/themes/charityhub-v1-05/plugins/dl-menu/modernizr.custom5152.js]
[socar-petroleum.az/wp-content/themes/charityhub-v1-05/plugins/dl-menu/jquery.dlmenu5152.js]
[socar-petroleum.az/wp-content/themes/charityhub-v1-05/plugins/jquery.easing5152.js]
[socar-petroleum.az/wp-content/themes/charityhub-v1-05/plugins/fancybox/helpers/jquery.fancybox-media5152.js]
[socar-petroleum.az/wp-content/themes/charityhub-v1-05/plugins/fancybox/helpers/jquery.fancybox-thumbs5152.js]
[socar-petroleum.az/wp-content/themes/charityhub-v1-05/plugins/fancybox/jquery.fancybox.pack5152.js]
[socar-petroleum.az/wp-includes/js/wp-embed.min8f41.js]
[socar-petroleum.az/xidmetler-ve-mehsullar/cng-kalkulyator/index.html]
[socar-petroleum.az/wp-content/plugins/sitepress-multilingual-cms/res/js/sitepress8f41.js]
[socar-petroleum.az/wp-content/themes/charityhub-v1-05/javascript/gdlr-script5152.js]
[socar-petroleum.az/wp-content/themes/charityhub-v1-05/plugins/flexslider/jquery.flexslider5152.js]
[socar-petroleum.az/wp-content/plugins/sitepress-multilingual-cms/res/img/nav-arrow-down.png]
[socar-petroleum.az/wp-content/plugins/sitepress-multilingual-cms/res/css/language-selectorc971.css]
[socar-petroleum.az/wp-content/plugins/wysija-newsletters/css/validationEngine.jqueryfc84.css]
[socar-petroleum.az/wp-includes/css/dist/block-library/style.min8f41.css]
[socar-petroleum.az/wp-content/plugins/LayerSlider/static/css/blank.gif]
[socar-petroleum.az/wp-content/plugins/LayerSlider/static/css/layersliderf08a.css]
[socar-petroleum.az/wp-content/plugins/SP-Partners/style8f41.css]
[socar-petroleum.az/wp-content/plugins/contact-form-7/images/ajax-loader.gif]
[socar-petroleum.az/wp-content/plugins/contact-form-7/includes/css/styles58e0.css]
[socar-petroleum.az/wp-content/plugins/smooth-scroll-up/img/scrollup.png]
[socar-petroleum.az/wp-content/plugins/smooth-scroll-up/css/scrollup8f41.css]
[socar-petroleum.az/xidmetler-ve-mehsullar/img/scrollup.html]
[socar-petroleum.az/wp-content/plugins/ultimate-social-media-icons/css/fonts/helvetica_bold_0-webfont.eot]
[socar-petroleum.az/wp-content/plugins/ultimate-social-media-icons/css/fonts/helvetica_bold_0-webfont.woff]
[socar-petroleum.az/wp-content/plugins/ultimate-social-media-icons/css/fonts/helvetica_bold_0-webfontd41d.eot]
[socar-petroleum.az/wp-content/plugins/ultimate-social-media-icons/css/fonts/helvetica_bold_0-webfont.ttf]
[socar-petroleum.az/wp-content/plugins/ultimate-social-media-icons/css/fonts/helvetica_0-webfont.eot]
[socar-petroleum.az/wp-content/plugins/ultimate-social-media-icons/css/fonts/helvetica_0-webfontd41d.eot]
[socar-petroleum.az/wp-content/plugins/ultimate-social-media-icons/css/fonts/helvetica_0-webfont.woff]
[socar-petroleum.az/wp-content/plugins/ultimate-social-media-icons/css/fonts/helvetica_0-webfont.ttf]
[socar-petroleum.az/wp-content/plugins/ultimate-social-media-icons/css/fonts/helveticaneue-light.eot]
[socar-petroleum.az/wp-content/plugins/ultimate-social-media-icons/css/fonts/helveticaneue-lightd41d.eot]
[socar-petroleum.az/wp-content/plugins/ultimate-social-media-icons/css/fonts/helveticaneue-light.woff]
[socar-petroleum.az/wp-content/plugins/ultimate-social-media-icons/css/fonts/helveticaneue-light.ttf]
[socar-petroleum.az/wp-content/plugins/ultimate-social-media-icons/images/count_bg.png]
[socar-petroleum.az/wp-content/plugins/ultimate-social-media-icons/images/check_bg.jpg]
[socar-petroleum.az/wp-content/plugins/ultimate-social-media-icons/images/radio_bg.png]
[socar-petroleum.az/wp-content/plugins/ultimate-social-media-icons/images/select_bg.jpg]
[socar-petroleum.az/wp-content/plugins/ultimate-social-media-icons/images/count_bg.jpg]
[socar-petroleum.az/wp-content/plugins/ultimate-social-media-icons/images/select_bg1.jpg]
[socar-petroleum.az/wp-content/plugins/ultimate-social-media-icons/images/tab_3_list_bg.jpg]
[socar-petroleum.az/wp-content/plugins/ultimate-social-media-icons/images/ajax-loader.gif]
[socar-petroleum.az/wp-content/plugins/ultimate-social-media-icons/images/bot_tip_icn.png]
[socar-petroleum.az/wp-content/plugins/ultimate-social-media-icons/css/images/count_top_arow.png]
[socar-petroleum.az/wp-content/plugins/ultimate-social-media-icons/css/images/count_left_arow.png]
[socar-petroleum.az/wp-content/plugins/ultimate-social-media-icons/css/sfsi-styleb246.css]
[socar-petroleum.az/wp-content/themes/charityhub-v1-05/images/page-title-background.jpg]
[socar-petroleum.az/wp-content/themes/charityhub-v1-05/images/light/icon-search.png]
[socar-petroleum.az/wp-content/themes/charityhub-v1-05/images/portfolio-icon-overlay.png]
[socar-petroleum.az/wp-content/themes/charityhub-v1-05/images/dark/quote-small.png]
[socar-petroleum.az/wp-content/themes/charityhub-v1-05/images/post-slider-caption.png]
[socar-petroleum.az/wp-content/themes/charityhub-v1-05/images/light/price-tag-shadow.png]
[socar-petroleum.az/wp-content/themes/charityhub-v1-05/images/port-loader.gif]
[socar-petroleum.az/wp-content/themes/charityhub-v1-05/images/single-port-close.png]
[socar-petroleum.az/wp-content/themes/charityhub-v1-05/images/dark/now-loading.gif]
[socar-petroleum.az/wp-content/themes/charityhub-v1-05/images/donate-loader.gif]
[socar-petroleum.az/wp-content/themes/charityhub-v1-05/images/cause-search-bg.png]
[socar-petroleum.az/wp-content/themes/charityhub-v1-05/images/combobox.png]
[socar-petroleum.az/wp-content/themes/charityhub-v1-05/images/dark/quote.png]
[socar-petroleum.az/wp-content/themes/charityhub-v1-05/images/dark/icon-search.png]
[socar-petroleum.az/wp-content/themes/charityhub-v1-05/images/dark/quote@2x.png]
[socar-petroleum.az/wp-content/themes/charityhub-v1-05/images/dark/icon-search@2x.png]
[socar-petroleum.az/wp-content/themes/charityhub-v1-05/images/light/icon-search@2x.png]
[socar-petroleum.az/wp-content/themes/charityhub-v1-05/style8f41.css]
[socar-petroleum.az/wp-content/themes/charityhub-v1-05-child/style8f41.css]
[socar-petroleum.az/wp-content/themes/charityhub-v1-05/plugins/superfish/css/superfish8f41.css]
[socar-petroleum.az/wp-content/themes/charityhub-v1-05/plugins/dl-menu/component8f41.css]
[socar-petroleum.az/wp-content/themes/charityhub-v1-05/plugins/font-awesome/css/font-awesome.min8f41.css]
[socar-petroleum.az/wp-content/themes/charityhub-v1-05/plugins/fancybox/fancybox_sprite.png]
[socar-petroleum.az/wp-content/themes/charityhub-v1-05/plugins/fancybox/fancybox_loading.gif]
[socar-petroleum.az/wp-content/themes/charityhub-v1-05/plugins/fancybox/blank.gif]
[socar-petroleum.az/wp-content/themes/charityhub-v1-05/plugins/fancybox/fancybox_overlay.png]
[socar-petroleum.az/wp-content/themes/charityhub-v1-05/plugins/fancybox/fancybox_sprite@2x.png]
[socar-petroleum.az/wp-content/themes/charityhub-v1-05/plugins/fancybox/fancybox_loading@2x.gif]
[socar-petroleum.az/wp-content/themes/charityhub-v1-05/plugins/fancybox/jquery.fancybox8f41.css]
[socar-petroleum.az/wp-content/themes/charityhub-v1-05/plugins/flexslider/flexslider8f41.css]
[socar-petroleum.az/wp-content/themes/charityhub-v1-05/stylesheet/style-responsive8f41.css]
[socar-petroleum.az/wp-content/uploads/2015/04/socar-bg-2.png]
[socar-petroleum.az/wp-content/themes/charityhub-v1-05/stylesheet/style-custom8f41.css]
[socar-petroleum.az/xidmetler-ve-mehsullar/wp-content/themes/jikov/style.html]
[socar-petroleum.az/xidmetler-ve-mehsullar/wp-content/themes/jikov/css/print.html]
[socar-petroleum.az/xidmetler-ve-mehsullar/cng-kalkulyator/index-2.html]
[socar-petroleum.az/xidmetler-ve-mehsullar/cng-kalkulyator/feed/index.html]
[socar-petroleum.az/xidmetler-ve-mehsullar/wp-content/plugins/cng_calc/cng_calc.html]
[socar-petroleum.az/xidmetler-ve-mehsullar/wp-content/plugins/cng_calc/cng_calc-2.html]
[connect.facebook.net/en_US/sdk.js]
[socar-petroleum.az/wp-content/plugins/ultimate-social-media-icons/css/fonts/helvetica_bold_0-webfont.svg]
[socar-petroleum.az/wp-content/plugins/ultimate-social-media-icons/css/fonts/helvetica_0-webfont.svg]
[socar-petroleum.az/wp-content/plugins/ultimate-social-media-icons/css/fonts/helveticaneue-light.svg]
